// Jest Snapshot v1, https://goo.gl/fbAQLP

exports[`Pruebas en <Spinner /> debe mostrar <Spinner /> correctamente 1`] = `
<div
  className="sk-chase"
>
  <div
    className="sk-chase-dot"
  />
  <div
    className="sk-chase-dot"
  />
  <div
    className="sk-chase-dot"
  />
  <div
    className="sk-chase-dot"
  />
  <div
    className="sk-chase-dot"
  />
  <div
    className="sk-chase-dot"
  />
</div>
`;
